root@opexwise-ui-demo:/var/opt/sso# docker-compose up -d
WARN[0000] /var/opt/sso/docker-compose.yml: `version` is obsolete
[+] Running 1/2
 ✔ Container sso-postgres-1  Running                                                                                                                0.0s
 ⠙ Container sso-keycloak-1  Starting                                                                                                               0.1s
Error response from daemon: driver failed programming external connectivity on endpoint sso-keycloak-1 (d45a4083ce2e3cc676636c015dacb3831756359dd66a81b7e221c264efb9d7dc): Bind for 0.0.0.0:8008 failed: port is already allocated
root@opexwise-ui-demo:/var/opt/sso# cd ../nginx/
root@opexwise-ui-demo:/var/opt/nginx# cat docker-compose.yml
version: '2.1'
networks:
  iopex_network:
    external: true
services:
  nginx:
    image: nginx
    restart: always
    volumes:
      - ./nginx.conf:/etc/nginx/nginx.conf
      - ./cert:/etc/nginx/certs/
      - ./nginxlogs:/var/log/nginx
    ports:
      - 443:443
      - 8001-8009:8001-8009
        # - 4001-4010:4001-4010
      - 8050:8050
      - 8015:8015
      - 4000:4000
      - 4048:4048
    networks:
      - iopex_network

root@opexwise-ui-demo:/var/opt/nginx# cd ../sso
root@opexwise-ui-demo:/var/opt/sso# cat docker-compose.yml
version: '3'
services:
  postgres:
      image: postgres:16
      ports:
        - 4002:5432
      volumes:
        - ./pg_data:/var/lib/postgresql/data
      environment:
        POSTGRES_DB: keycloak
        POSTGRES_USER: iopex
        POSTGRES_PASSWORD: password
  keycloak:
      image: iopexlabs/keycloak:1.1
      environment:
        KEYCLOAK_FRONTEND_URL: https://dev.opexwise.ai:8008/auth
        PROXY_ADDRESS_FORWARDING: "true"
        DB_VENDOR: POSTGRES
        DB_ADDR: postgres
        DB_DATABASE: keycloak
        DB_USER: iopex
        DB_SCHEMA: public
        DB_PASSWORD: password
        KEYCLOAK_USER: admin
        KEYCLOAK_PASSWORD: admin
        KEYCLOAK_CORS: "true"
        # Uncomment the line below if you want to specify JDBC parameters. The parameter below is just an example, and it shouldn't be used in production without knowledge. It is highly recommended that you read the PostgreSQL JDBC driver documentation in order to use it.
        #JDBC_PARAMS: "ssl=true"
      ports:
        - 8008:8080
      depends_on:
        - postgres
      #command: ["start-dev"]
root@opexwise-ui-demo:/var/opt/sso#
